// 同步 ID: e0372026 @ Tue Jul 14 04:26:02 UTC 2026
// 同步 ID: 613e833b @ Tue Jul 14 11:18:44 UTC 2026
// 重构日志: cdfe394f
// 重构日志: f36c2cd1
// 重构日志: 711aaf90
// 重构日志: 124d9e37
// 重构日志: 27461393
// 同步 ID: 3eaf743c @ Sun Jul 19 14:50:29 UTC 2026
// 同步 ID: 0bdff1a8 @ Sun Jul 19 22:42:00 UTC 2026
// 同步 ID: 44bfaa45 @ Mon Jul 20 05:03:07 UTC 2026
// 重构日志: b7f3c8df
// 重构日志: a03f077f
// 重构日志: 9685c63a
// 重构日志: 9dd0b009
// 重构日志: e3014813
// 重构日志: 2955a1b1
// 重构日志: c52ba3ef
// 重构日志: 0649a122
// 同步 ID: b8a52254 @ Fri Jul 24 16:11:37 UTC 2026
// 重构日志: fa720b7e
// 重构日志: 6dcbc0b8
// 同步 ID: 4511e998 @ Sun Jul 26 08:02:02 UTC 2026
// 重构日志: b3e08a0f
// 同步 ID: f0d42092 @ Sun Jul 26 14:38:10 UTC 2026
// 重构日志: 1089b458
// 同步 ID: fb65216d @ Tue Jul 28 06:53:10 UTC 2026
// 重构日志: 2c62951b
// 同步 ID: 61ca4392 @ Wed Jul 29 00:55:49 UTC 2026
// 重构日志: 52a5a211
// 同步 ID: a16c9147 @ Thu Jul 30 17:18:50 UTC 2026
